three
four
five
six
seven
eight
nine
ten
eleven
twelve
four words.
