twelve
Öne line, four wordś.
four words.
Four words.
