ten
eleven
twelve
Öne line, four wordś.
Three
lines,
four words.
Two lines.
Four words.
