==> tests/inputs/twelve.txt <==

twelve

==> tests/inputs/empty.txt <==

==> tests/inputs/one.txt <==
wordÅ›.

==> tests/inputs/three.txt <==
 words.

==> tests/inputs/two.txt <==
 words.
