==> tests/inputs/twelve.txt <==
ve

==> tests/inputs/empty.txt <==

==> tests/inputs/one.txt <==
›.

==> tests/inputs/three.txt <==
s.

==> tests/inputs/two.txt <==
s.
